Microchip MPLAB XC8 Compiler V1.42 ()

Linker command line:

-W-3 --edf=C:\Program Files (x86)\Microchip\xc8\v1.42\dat\en_msgs.txt -cs \
  -h+dist/default/production\Serial.X.production.sym \
  --cmf=dist/default/production\Serial.X.production.cmf -z -Q16F628A \
  -oC:\Users\Ignacio\AppData\Local\Temp\s638.2 \
  -Mdist/default/production/Serial.X.production.map -E1 -ver=XC8 \
  -ASTACK=020h-06fh -pstack=STACK -ACODE=00h-07FFh -ASTRCODE=00h-07FFh \
  -ASTRING=00h-0FFhx8 -ACONST=00h-0FFhx8 -AENTRY=00h-0FFhx8 \
  -ACOMMON=070h-07Fh -ABANK0=020h-06Fh -ABANK1=0A0h-0EFh \
  -ABANK2=0120h-014Fh -ARAM=020h-06Fh,0A0h-0EFh,0120h-014Fh \
  -AABS1=020h-07Fh,0A0h-0EFh,0120h-014Fh -ASFR0=00h-01Fh -ASFR1=080h-09Fh \
  -ASFR2=0100h-011Fh -ASFR3=0180h-01EFh \
  -preset_vec=00h,intentry=04h,init,end_init -ppowerup=CODE -pcinit=CODE \
  -pfunctab=CODE -ACONFIG=02007h-02007h -pconfig=CONFIG -DCONFIG=2 \
  -AIDLOC=02000h-02003h -pidloc=IDLOC -DIDLOC=2 -AEEDATA=00h-07Fh/02100h \
  -peeprom_data=EEDATA -DEEDATA=2 -DCODE=2 -DSTRCODE=2 -DSTRING=2 -DCONST=2 \
  -DENTRY=2 -k C:\Users\Ignacio\AppData\Local\Temp\s638.obj \
  dist/default/production\Serial.X.production.obj 

Object code version is 3.11

Machine type is 16F628A



                Name                               Link     Load   Length Selector   Space Scale
C:\Users\Ignacio\AppData\Local\Temp\s638.obj
                end_init                             10       10        1        8       0
                reset_vec                             0        0        1        0       0
                config                             2007     2007        1     400E       0
dist/default/production\Serial.X.production.obj
                cinit                                11       11        2        8       0
                intentry                              4        4        C        8       0
                text5                                6D       6D        8       AA       0
                text4                                2D       2D       15        8       0
                text3                                13       13       1A        8       0
                text2                                65       65        8       AA       0
                text1                                55       55       10       AA       0
                maintext                             75       75        6       AA       0
                cstackCOMMON                         70       70        8       70       1
                strings                              42       42       13       84       0

TOTAL           Name                               Link     Load   Length     Space
        CLASS   STACK          

        CLASS   CODE           
                end_init                             10       10        1         0
                cinit                                11       11        2         0
                intentry                              4        4        C         0
                reset_vec                             0        0        1         0
                text5                                6D       6D        8         0
                text4                                2D       2D       15         0
                text3                                13       13       1A         0
                text2                                65       65        8         0
                text1                                55       55       10         0
                maintext                             75       75        6         0

        CLASS   STRCODE        

        CLASS   STRING         
                strings                              42       42       13         0

        CLASS   CONST          

        CLASS   ENTRY          

        CLASS   COMMON         
                cstackCOMMON                         70       70        8         1

        CLASS   BANK0          

        CLASS   BANK1          

        CLASS   BANK2          

        CLASS   RAM            

        CLASS   ABS1           
                abs_s1                               7E       7E        2         1

        CLASS   SFR0           

        CLASS   SFR1           

        CLASS   SFR2           

        CLASS   SFR3           

        CLASS   CONFIG         
                config                             2007     2007        1         0

        CLASS   IDLOC          

        CLASS   EEDATA         

        CLASS   BANK3          



SEGMENTS        Name                           Load    Length   Top    Selector   Space  Class     Delta

                reset_vec                      000000  000001  000001         0       0  CODE        2
                intentry                       000004  00003E  000042         8       0  CODE        2
                cstackCOMMON                   000070  000008  000078        70       1  COMMON      1
                strings                        000042  000013  000055        84       0  STRING      2
                text1                          000055  000026  00007B        AA       0  CODE        2
                config                         002007  000001  002008      400E       0  CONFIG      2


UNUSED ADDRESS RANGES

        Name                Unused          Largest block    Delta
        BANK0            0020-006F             50           1
        BANK1            00A0-00EF             50           1
        BANK2            0120-014F             30           1
        CODE             0001-0003              3           2
                         007B-07FF            785
        COMMON           0078-007D              6           1
        CONST            0001-0003              3           2
                         007B-07FF            100
        EEDATA           2100-217F             80           2
        ENTRY            0001-0003              3           2
                         007B-07FF            100
        IDLOC            2000-2003              4           2
        RAM              0020-006F             50           1
                         00A0-00EF             50
                         0120-014F             30
        SFR0             0000-001F             20           1
        SFR1             0080-009F             20           1
        SFR2             0100-011F             20           1
        SFR3             0180-01EF             70           1
        STACK            0020-006F             50           1
        STRCODE          0001-0003              3           2
                         007B-07FF            785
        STRING           0001-0003              3           2
                         007B-07FF            100

                                  Symbol Table

SendByteSerially@Byte        cstackCOMMON 0075
SendStringSerially@st        cstackCOMMON 0077
_BRGH                        (abs)        04C2
_CREN                        (abs)        00C4
_GIE                         (abs)        005F
_ISR                         text4        002D
_InitUART                    text3        0013
_OERR                        (abs)        00C1
_PEIE                        (abs)        005E
_RCIE                        (abs)        0465
_RCIF                        (abs)        0065
_RCREG                       (abs)        001A
_RX9                         (abs)        00C6
_SPBRG                       (abs)        0099
_SPEN                        (abs)        00C7
_SREN                        (abs)        00C5
_SYNC                        (abs)        04C4
_SendByteSerially            text2        0065
_SendStringSerially          text1        0055
_TRISB1                      (abs)        0431
_TRISB2                      (abs)        0432
_TX9                         (abs)        04C6
_TXEN                        (abs)        04C5
_TXIE                        (abs)        0464
_TXIF                        (abs)        0064
_TXREG                       (abs)        0019
__CFG_BOREN$ON               (abs)        0000
__CFG_CP$OFF                 (abs)        0000
__CFG_CPD$OFF                (abs)        0000
__CFG_FOSC$INTOSCIO          (abs)        0000
__CFG_LVP$OFF                (abs)        0000
__CFG_MCLRE$OFF              (abs)        0000
__CFG_PWRTE$OFF              (abs)        0000
__CFG_WDTE$OFF               (abs)        0000
__Habs1                      abs1         0000
__Hbank0                     bank0        0000
__Hbank1                     bank1        0000
__Hbank2                     bank2        0000
__Hbank3                     bank3        0000
__Hcinit                     cinit        0013
__Hclrtext                   clrtext      0000
__Hcode                      code         0000
__Hcommon                    common       0000
__Hconfig                    config       2008
__HcstackCOMMON              cstackCOMMON 0000
__Heeprom_data               eeprom_data  0000
__Hend_init                  end_init     0011
__Hfunctab                   functab      0000
__Hidloc                     idloc        0000
__Hinit                      init         0010
__Hintentry                  intentry     0010
__Hmaintext                  maintext     0000
__Hpowerup                   powerup      0000
__Hram                       ram          0000
__Hreset_vec                 reset_vec    0001
__Hsfr0                      sfr0         0000
__Hsfr1                      sfr1         0000
__Hsfr2                      sfr2         0000
__Hsfr3                      sfr3         0000
__Hspace_0                   (abs)        2008
__Hspace_1                   (abs)        0078
__Hspace_2                   (abs)        0000
__Hspace_3                   (abs)        0000
__Hstack                     stack        0000
__Hstrings                   strings      0000
__Htext                      text         0000
__Labs1                      abs1         0000
__Lbank0                     bank0        0000
__Lbank1                     bank1        0000
__Lbank2                     bank2        0000
__Lbank3                     bank3        0000
__Lcinit                     cinit        0011
__Lclrtext                   clrtext      0000
__Lcode                      code         0000
__Lcommon                    common       0000
__Lconfig                    config       2007
__LcstackCOMMON              cstackCOMMON 0000
__Leeprom_data               eeprom_data  0000
__Lend_init                  end_init     0010
__Lfunctab                   functab      0000
__Lidloc                     idloc        0000
__Linit                      init         0010
__Lintentry                  intentry     0004
__Lmaintext                  maintext     0000
__Lpowerup                   powerup      0000
__Lram                       ram          0000
__Lreset_vec                 reset_vec    0000
__Lsfr0                      sfr0         0000
__Lsfr1                      sfr1         0000
__Lsfr2                      sfr2         0000
__Lsfr3                      sfr3         0000
__Lspace_0                   (abs)        0000
__Lspace_1                   (abs)        0000
__Lspace_2                   (abs)        0000
__Lspace_3                   (abs)        0000
__Lstack                     stack        0000
__Lstrings                   strings      0000
__Ltext                      text         0000
__S0                         (abs)        2008
__S1                         (abs)        0078
__S2                         (abs)        0000
__S3                         (abs)        0000
___int_sp                    stack        0000
___latbits                   (abs)        0000
___sp                        stack        0000
__end_of_ISR                 text4        0042
__end_of_InitUART            text3        002D
__end_of_SendByteSerially    text2        006D
__end_of_SendStringSerially  text1        0065
__end_of__initialization     cinit        0011
__end_of__stringtab          strings      0048
__end_of_main                maintext     007B
__end_ofi1_SendByteSerially  text5        0075
__initialization             cinit        0011
__pcstackCOMMON              cstackCOMMON 0070
__pintentry                  intentry     0004
__pmaintext                  maintext     0075
__pstrings                   strings      0042
__ptext1                     text1        0055
__ptext2                     text2        0065
__ptext3                     text3        0013
__ptext4                     text4        002D
__ptext5                     text5        006D
__size_of_ISR                (abs)        0000
__size_of_InitUART           (abs)        0000
__size_of_SendByteSerially   (abs)        0000
__size_of_SendStringSerially (abs)        0000
__size_of_main               (abs)        0000
__size_ofi1_SendByteSerially (abs)        0000
__stringbase                 strings      0047
__stringtab                  strings      0042
_main                        maintext     0075
btemp                        (abs)        007E
end_of_initialization        cinit        0011
i1SendByteSerially@Byte      cstackCOMMON 0070
i1_SendByteSerially          text5        006D
interrupt_function           intentry     0004
intlevel0                    functab      0000
intlevel1                    functab      0000
intlevel2                    functab      0000
intlevel3                    functab      0000
intlevel4                    functab      0000
intlevel5                    functab      0000
reset_vec                    reset_vec    0000
saved_w                      (abs)        007E
stackhi                      (abs)        0000
stacklo                      (abs)        0000
start                        init         0010
start_initialization         cinit        0011
wtemp0                       (abs)        007E


FUNCTION INFORMATION:

 *************** function _main *****************
 Defined at:
		line 26 in file "main.c"
 Parameters:    Size  Location     Type
		None
 Auto vars:     Size  Location     Type
		None
 Return value:  Size  Location     Type
                  1    wreg      void 
 Registers used:
		wreg, fsr0l, fsr0h, status,2, status,0, pclath, cstack
 Tracked objects:
		On entry : 
		On exit  : 
		Unchanged: 
 Data sizes:     COMMON   BANK0   BANK1   BANK2
      Params:         0       0       0       0
      Locals:         0       0       0       0
      Temps:          0       0       0       0
      Totals:         0       0       0       0
Total ram usage:        0 bytes
 Hardware stack levels required when called:    4
 This function calls:
		_InitUART
		_SendStringSerially
 This function is called by:
		Startup code after reset
 This function uses a non-reentrant model


 *************** function _SendStringSerially *****************
 Defined at:
		line 46 in file "UART.c"
 Parameters:    Size  Location     Type
  st              1    wreg     PTR const unsigned char 
		 -> STR_1(13), 
 Auto vars:     Size  Location     Type
  st              1    7[COMMON] PTR const unsigned char 
		 -> STR_1(13), 
 Return value:  Size  Location     Type
                  1    wreg      void 
 Registers used:
		wreg, fsr0l, fsr0h, status,2, status,0, pclath, cstack
 Tracked objects:
		On entry : 
		On exit  : 
		Unchanged: 
 Data sizes:     COMMON   BANK0   BANK1   BANK2
      Params:         0       0       0       0
      Locals:         1       0       0       0
      Temps:          1       0       0       0
      Totals:         2       0       0       0
Total ram usage:        2 bytes
 Hardware stack levels used:    1
 Hardware stack levels required when called:    3
 This function calls:
		_SendByteSerially
 This function is called by:
		_main
 This function uses a non-reentrant model


 *************** function _SendByteSerially *****************
 Defined at:
		line 27 in file "UART.c"
 Parameters:    Size  Location     Type
  Byte            1    wreg     unsigned char 
 Auto vars:     Size  Location     Type
  Byte            1    5[COMMON] unsigned char 
 Return value:  Size  Location     Type
                  1    wreg      void 
 Registers used:
		wreg
 Tracked objects:
		On entry : 
		On exit  : 
		Unchanged: 
 Data sizes:     COMMON   BANK0   BANK1   BANK2
      Params:         0       0       0       0
      Locals:         1       0       0       0
      Temps:          0       0       0       0
      Totals:         1       0       0       0
Total ram usage:        1 bytes
 Hardware stack levels used:    1
 Hardware stack levels required when called:    2
 This function calls:
		Nothing
 This function is called by:
		_SendStringSerially
 This function uses a non-reentrant model


 *************** function _InitUART *****************
 Defined at:
		line 7 in file "UART.c"
 Parameters:    Size  Location     Type
		None
 Auto vars:     Size  Location     Type
		None
 Return value:  Size  Location     Type
                  1    wreg      void 
 Registers used:
		wreg
 Tracked objects:
		On entry : 
		On exit  : 
		Unchanged: 
 Data sizes:     COMMON   BANK0   BANK1   BANK2
      Params:         0       0       0       0
      Locals:         0       0       0       0
      Temps:          0       0       0       0
      Totals:         0       0       0       0
Total ram usage:        0 bytes
 Hardware stack levels used:    1
 Hardware stack levels required when called:    2
 This function calls:
		Nothing
 This function is called by:
		_main
 This function uses a non-reentrant model


 *************** function _ISR *****************
 Defined at:
		line 12 in file "main.c"
 Parameters:    Size  Location     Type
		None
 Auto vars:     Size  Location     Type
		None
 Return value:  Size  Location     Type
                  1    wreg      void 
 Registers used:
		wreg, status,2, status,0, pclath, cstack
 Tracked objects:
		On entry : 
		On exit  : 
		Unchanged: 
 Data sizes:     COMMON   BANK0   BANK1   BANK2
      Params:         0       0       0       0
      Locals:         0       0       0       0
      Temps:          4       0       0       0
      Totals:         4       0       0       0
Total ram usage:        4 bytes
 Hardware stack levels used:    1
 Hardware stack levels required when called:    1
 This function calls:
		i1_SendByteSerially
 This function is called by:
		Interrupt level 1
 This function uses a non-reentrant model


 *************** function i1_SendByteSerially *****************
 Defined at:
		line 27 in file "UART.c"
 Parameters:    Size  Location     Type
  Byte            1    wreg     unsigned char 
 Auto vars:     Size  Location     Type
  Byte            1    0[COMMON] unsigned char 
 Return value:  Size  Location     Type
                  1    wreg      void 
 Registers used:
		wreg
 Tracked objects:
		On entry : 
		On exit  : 
		Unchanged: 
 Data sizes:     COMMON   BANK0   BANK1   BANK2
      Params:         0       0       0       0
      Locals:         1       0       0       0
      Temps:          0       0       0       0
      Totals:         1       0       0       0
Total ram usage:        1 bytes
 Hardware stack levels used:    1
 This function calls:
		Nothing
 This function is called by:
		_ISR
 This function uses a non-reentrant model



MODULE INFORMATION

Module		Function		Class		Link	Load	Size
UART.c
		_InitUART      		CODE           	0013	0000	27
		_SendByteSerially		CODE           	0065	0000	9
		_SendStringSerially		CODE           	0055	0000	17

UART.c estimated size: 53

shared
		__stringtab    		STRING         	0042	0000	7
		__initialization		CODE           	0011	0000	1
		i1_SendByteSerially		CODE           	006D	0000	9

shared estimated size: 17

main.c
		_ISR           		CODE           	002D	0000	22
		_main          		CODE           	0075	0000	7

main.c estimated size: 29

