Microchip MPLAB XC8 Compiler V1.42 ()

Linker command line:

-W-3 --edf=C:\Program Files (x86)\Microchip\xc8\v1.42\dat\en_msgs.txt -cs \
  -h+dist/default/production\TPN_11.X.production.sym \
  --cmf=dist/default/production\TPN_11.X.production.cmf -z -Q16F628A \
  -oC:\Users\Ignacio\AppData\Local\Temp\sadk.2 \
  -Mdist/default/production/TPN_11.X.production.map -E1 -ver=XC8 \
  -ASTACK=0BAh-0efh -pstack=STACK -ACODE=00h-07FFh -ASTRCODE=00h-07FFh \
  -ASTRING=00h-0FFhx8 -ACONST=00h-0FFhx8 -AENTRY=00h-0FFhx8 \
  -ACOMMON=070h-07Fh -ABANK0=020h-06Fh -ABANK1=0A0h-0EFh \
  -ABANK2=0120h-014Fh -ARAM=020h-06Fh,0A0h-0EFh,0120h-014Fh \
  -AABS1=020h-07Fh,0A0h-0EFh,0120h-014Fh -ASFR0=00h-01Fh -ASFR1=080h-09Fh \
  -ASFR2=0100h-011Fh -ASFR3=0180h-01EFh \
  -preset_vec=00h,intentry=04h,init,end_init -ppowerup=CODE -pcinit=CODE \
  -pfunctab=CODE -ACONFIG=02007h-02007h -pconfig=CONFIG -DCONFIG=2 \
  -AIDLOC=02000h-02003h -pidloc=IDLOC -DIDLOC=2 -AEEDATA=00h-07Fh/02100h \
  -peeprom_data=EEDATA -DEEDATA=2 -DCODE=2 -DSTRCODE=2 -DSTRING=2 -DCONST=2 \
  -DENTRY=2 -k C:\Users\Ignacio\AppData\Local\Temp\sadk.obj \
  dist/default/production\TPN_11.X.production.obj 

Object code version is 3.11

Machine type is 16F628A



                Name                               Link     Load   Length Selector   Space Scale
C:\Users\Ignacio\AppData\Local\Temp\sadk.obj
                end_init                             10       10        1        8       0
                reset_vec                             0        0        1        0       0
                config                             2007     2007        1     400E       0
dist/default/production\TPN_11.X.production.obj
                cinit                                11       11       33        8       0
                intentry                              4        4        C        8       0
                text6                               2FD      2FD       3F        8       0
                text5                               247      247       5E        8       0
                text4                               361      361       21        8       0
                text3                                44       44      16F        8       0
                text2                               1B3      1B3       94        8       0
                text1                               33C      33C       25        8       0
                maintext                            2A5      2A5       58        8       0
                cstackBANK0                          20       20       2C       20       1
                cstackCOMMON                         70       70        E       70       1
                cstackBANK1                          B0       B0        A       A0       1
                clrtext                             396      396        8        8       0
                bssBANK1                             A0       A0       10       A0       1
                dataBANK0                            4C       4C       14       20       1
                bssBANK0                             60       60        E       20       1
                idataBANK0                          382      382       14        8       0

TOTAL           Name                               Link     Load   Length     Space
        CLASS   STACK          

        CLASS   CODE           
                end_init                             10       10        1         0
                cinit                                11       11       33         0
                intentry                              4        4        C         0
                reset_vec                             0        0        1         0
                text6                               2FD      2FD       3F         0
                text5                               247      247       5E         0
                text4                               361      361       21         0
                text3                                44       44      16F         0
                text2                               1B3      1B3       94         0
                text1                               33C      33C       25         0
                maintext                            2A5      2A5       58         0
                clrtext                             396      396        8         0
                idataBANK0                          382      382       14         0

        CLASS   STRCODE        

        CLASS   STRING         

        CLASS   CONST          

        CLASS   ENTRY          

        CLASS   COMMON         
                cstackCOMMON                         70       70        E         1

        CLASS   BANK0          
                cstackBANK0                          20       20       2C         1
                dataBANK0                            4C       4C       14         1
                bssBANK0                             60       60        E         1

        CLASS   BANK1          
                cstackBANK1                          B0       B0        A         1
                bssBANK1                             A0       A0       10         1

        CLASS   BANK2          

        CLASS   RAM            

        CLASS   ABS1           
                abs_s1                               7E       7E        2         1

        CLASS   SFR0           

        CLASS   SFR1           

        CLASS   SFR2           

        CLASS   SFR3           

        CLASS   CONFIG         
                config                             2007     2007        1         0

        CLASS   IDLOC          

        CLASS   EEDATA         

        CLASS   BANK3          



SEGMENTS        Name                           Load    Length   Top    Selector   Space  Class     Delta

                reset_vec                      000000  000001  000001         0       0  CODE        2
                intentry                       000004  00039A  00039E         8       0  CODE        2
                cstackBANK0                    000020  00004E  00006E        20       1  BANK0       1
                cstackCOMMON                   000070  00000E  00007E        70       1  COMMON      1
                bssBANK1                       0000A0  00001A  0000BA        A0       1  BANK1       1
                config                         002007  000001  002008      400E       0  CONFIG      2


UNUSED ADDRESS RANGES

        Name                Unused          Largest block    Delta
        BANK0            006E-006F              2           1
        BANK1            00BA-00EF             36           1
        BANK2            0120-014F             30           1
        CODE             0001-0003              3           2
                         039E-07FF            462
        CONST            0001-0003              3           2
                         039E-07FF            100
        EEDATA           2100-217F             80           2
        ENTRY            0001-0003              3           2
                         039E-07FF            100
        IDLOC            2000-2003              4           2
        RAM              006E-006F              2           1
                         00BA-00EF             36
                         0120-014F             30
        SFR0             0000-001F             20           1
        SFR1             0080-009F             20           1
        SFR2             0100-011F             20           1
        SFR3             0180-01EF             70           1
        STACK            00BA-00EF             36           1
        STRCODE          0001-0003              3           2
                         039E-07FF            462
        STRING           0001-0003              3           2
                         039E-07FF            100

                                  Symbol Table

?___lldiv                       cstackCOMMON 0070
?___lmul                        cstackCOMMON 0070
?___wmul                        cstackCOMMON 0070
_CMCON                          (abs)        001F
_INTCONbits                     (abs)        000B
_OPTION_REGbits                 (abs)        0081
_PIE1bits                       (abs)        008C
_PIR1bits                       (abs)        000C
_RA0                            (abs)        0028
_RA1                            (abs)        0029
_RB1                            (abs)        0031
_RB2                            (abs)        0032
_RB3                            (abs)        0033
_RB4                            (abs)        0034
_T1CONbits                      (abs)        0010
_TMR0                           (abs)        0001
_TMR1H                          (abs)        000F
_TMR1L                          (abs)        000E
_TRISA                          (abs)        0085
_TRISB                          (abs)        0086
__CFG_BOREN$ON                  (abs)        0000
__CFG_CP$OFF                    (abs)        0000
__CFG_CPD$OFF                   (abs)        0000
__CFG_FOSC$INTOSCIO             (abs)        0000
__CFG_LVP$OFF                   (abs)        0000
__CFG_MCLRE$OFF                 (abs)        0000
__CFG_PWRTE$OFF                 (abs)        0000
__CFG_WDTE$OFF                  (abs)        0000
__Habs1                         abs1         0000
__Hbank0                        bank0        0000
__Hbank1                        bank1        0000
__Hbank2                        bank2        0000
__Hbank3                        bank3        0000
__HbssBANK0                     bssBANK0     0000
__HbssBANK1                     bssBANK1     0000
__Hcinit                        cinit        0044
__Hclrtext                      clrtext      0000
__Hcode                         code         0000
__Hcommon                       common       0000
__Hconfig                       config       2008
__HcstackBANK0                  cstackBANK0  0000
__HcstackBANK1                  cstackBANK1  0000
__HcstackCOMMON                 cstackCOMMON 0000
__HdataBANK0                    dataBANK0    0000
__Heeprom_data                  eeprom_data  0000
__Hend_init                     end_init     0011
__Hfunctab                      functab      0000
__HidataBANK0                   idataBANK0   0000
__Hidloc                        idloc        0000
__Hinit                         init         0010
__Hintentry                     intentry     0010
__Hmaintext                     maintext     0000
__Hpowerup                      powerup      0000
__Hram                          ram          0000
__Hreset_vec                    reset_vec    0001
__Hsfr0                         sfr0         0000
__Hsfr1                         sfr1         0000
__Hsfr2                         sfr2         0000
__Hsfr3                         sfr3         0000
__Hspace_0                      (abs)        2008
__Hspace_1                      (abs)        00BA
__Hspace_2                      (abs)        0000
__Hspace_3                      (abs)        0000
__Hstack                        stack        0000
__Hstrings                      strings      0000
__Htext                         text         0000
__Labs1                         abs1         0000
__Lbank0                        bank0        0000
__Lbank1                        bank1        0000
__Lbank2                        bank2        0000
__Lbank3                        bank3        0000
__LbssBANK0                     bssBANK0     0000
__LbssBANK1                     bssBANK1     0000
__Lcinit                        cinit        0011
__Lclrtext                      clrtext      0000
__Lcode                         code         0000
__Lcommon                       common       0000
__Lconfig                       config       2007
__LcstackBANK0                  cstackBANK0  0000
__LcstackBANK1                  cstackBANK1  0000
__LcstackCOMMON                 cstackCOMMON 0000
__LdataBANK0                    dataBANK0    0000
__Leeprom_data                  eeprom_data  0000
__Lend_init                     end_init     0010
__Lfunctab                      functab      0000
__LidataBANK0                   idataBANK0   0000
__Lidloc                        idloc        0000
__Linit                         init         0010
__Lintentry                     intentry     0004
__Lmaintext                     maintext     0000
__Lpowerup                      powerup      0000
__Lram                          ram          0000
__Lreset_vec                    reset_vec    0000
__Lsfr0                         sfr0         0000
__Lsfr1                         sfr1         0000
__Lsfr2                         sfr2         0000
__Lsfr3                         sfr3         0000
__Lspace_0                      (abs)        0000
__Lspace_1                      (abs)        0000
__Lspace_2                      (abs)        0000
__Lspace_3                      (abs)        0000
__Lstack                        stack        0000
__Lstrings                      strings      0000
__Ltext                         text         0000
__S0                            (abs)        2008
__S1                            (abs)        00BA
__S2                            (abs)        0000
__S3                            (abs)        0000
___int_sp                       stack        0000
___latbits                      (abs)        0000
___lldiv                        text5        0247
___lldiv@counter                cstackCOMMON 007D
___lldiv@dividend               cstackCOMMON 0074
___lldiv@divisor                cstackCOMMON 0070
___lldiv@quotient               cstackCOMMON 0079
___lmul                         text6        02FD
___lmul@multiplicand            cstackCOMMON 0074
___lmul@multiplier              cstackCOMMON 0070
___lmul@product                 cstackCOMMON 0079
___sp                           stack        0000
___wmul                         text4        0361
___wmul@multiplicand            cstackCOMMON 0072
___wmul@multiplier              cstackCOMMON 0070
___wmul@product                 cstackCOMMON 0074
__end_of___lldiv                text5        02A5
__end_of___lmul                 text6        033C
__end_of___wmul                 text4        0382
__end_of__initialization        cinit        0042
__end_of_enconder               text2        0247
__end_of_escribirSalida         text3        01B3
__end_of_main                   maintext     02FD
__end_of_resetearSalidas        text1        0361
__initialization                cinit        0011
__pbssBANK0                     bssBANK0     0060
__pbssBANK1                     bssBANK1     00A0
__pcstackBANK0                  cstackBANK0  0020
__pcstackBANK1                  cstackBANK1  00B0
__pcstackCOMMON                 cstackCOMMON 0070
__pdataBANK0                    dataBANK0    004C
__pidataBANK0                   idataBANK0   0382
__pintentry                     intentry     0004
__pmaintext                     maintext     02A5
__ptext1                        text1        033C
__ptext2                        text2        01B3
__ptext3                        text3        0044
__ptext4                        text4        0361
__ptext5                        text5        0247
__ptext6                        text6        02FD
__size_of___lldiv               (abs)        0000
__size_of___lmul                (abs)        0000
__size_of___wmul                (abs)        0000
__size_of_enconder              (abs)        0000
__size_of_escribirSalida        (abs)        0000
__size_of_main                  (abs)        0000
__size_of_resetearSalidas       (abs)        0000
_codificacion                   dataBANK0    004C
_contador                       bssBANK0     0064
_contadorLed                    bssBANK0     006C
_contadorTemporizador           bssBANK0     006A
_enconder                       text2        01B3
_escribirSalida                 text3        0044
_main                           maintext     02A5
_pwm                            bssBANK0     0068
_resetearSalidas                text1        033C
_velocidad                      bssBANK0     0060
btemp                           (abs)        007E
clear_ram0                      clrtext      0396
end_of_initialization           cinit        0042
escribirSalida@F803             bssBANK1     00A0
escribirSalida@i                cstackBANK0  0040
escribirSalida@i_182            cstackBANK0  003C
escribirSalida@i_183            cstackBANK0  0042
escribirSalida@i_184            cstackBANK0  003E
escribirSalida@numero           cstackBANK0  003A
escribirSalida@resultado        cstackBANK0  0026
escribirSalida@velocidadDecena  cstackBANK0  0038
escribirSalida@velocidadUnidad  cstackBANK0  0036
interrupt_function              intentry     0004
intlevel0                       functab      0000
intlevel1                       functab      0000
intlevel2                       functab      0000
intlevel3                       functab      0000
intlevel4                       functab      0000
intlevel5                       functab      0000
main@palabaraBinaria            cstackBANK1  00B8
reset_vec                       reset_vec    0000
resetearSalidas@cantidadSalidas cstackBANK1  00B0
resetearSalidas@i               cstackBANK1  00B3
saved_w                         (abs)        007E
stackhi                         (abs)        0000
stacklo                         (abs)        0000
start                           init         0010
start_initialization            cinit        0011
wtemp0                          (abs)        007E


FUNCTION INFORMATION:

 *************** function _main *****************
 Defined at:
		line 128 in file "main.c"
 Parameters:    Size  Location     Type
		None
 Auto vars:     Size  Location     Type
  palabaraBina    2    8[BANK1 ] int 
 Return value:  Size  Location     Type
                  1    wreg      void 
 Registers used:
		wreg, status,2, status,0, pclath, cstack
 Tracked objects:
		On entry : 
		On exit  : 
		Unchanged: 
 Data sizes:     COMMON   BANK0   BANK1   BANK2
      Params:         0       0       0       0
      Locals:         0       0       2       0
      Temps:          0       0       3       0
      Totals:         0       0       5       0
Total ram usage:        5 bytes
 Hardware stack levels required when called:    4
 This function calls:
		_resetearSalidas
 This function is called by:
		Startup code after reset
 This function uses a non-reentrant model


 *************** function _resetearSalidas *****************
 Defined at:
		line 46 in file "main.c"
 Parameters:    Size  Location     Type
  cantidadSali    2    0[BANK1 ] int 
 Auto vars:     Size  Location     Type
  i               2    3[BANK1 ] int 
 Return value:  Size  Location     Type
                  1    wreg      void 
 Registers used:
		wreg, status,2, status,0
 Tracked objects:
		On entry : 
		On exit  : 
		Unchanged: 
 Data sizes:     COMMON   BANK0   BANK1   BANK2
      Params:         0       0       2       0
      Locals:         0       0       2       0
      Temps:          0       0       1       0
      Totals:         0       0       5       0
Total ram usage:        5 bytes
 Hardware stack levels used:    1
 Hardware stack levels required when called:    3
 This function calls:
		Nothing
 This function is called by:
		_main
 This function uses a non-reentrant model


 *************** function _enconder *****************
 Defined at:
		line 94 in file "main.c"
 Parameters:    Size  Location     Type
		None
 Auto vars:     Size  Location     Type
		None
 Return value:  Size  Location     Type
                  1    wreg      void 
 Registers used:
		wreg, fsr0l, fsr0h, status,2, status,0, btemp+1, pclath, cstack
 Tracked objects:
		On entry : 
		On exit  : 
		Unchanged: 
 Data sizes:     COMMON   BANK0   BANK1   BANK2
      Params:         0       0       0       0
      Locals:         0       0       0       0
      Temps:          0       8       0       0
      Totals:         0       8       0       0
Total ram usage:        8 bytes
 Hardware stack levels used:    1
 Hardware stack levels required when called:    2
 This function calls:
		___lmul
		_escribirSalida
 This function is called by:
		Interrupt level 1
 This function uses a non-reentrant model


 *************** function _escribirSalida *****************
 Defined at:
		line 58 in file "main.c"
 Parameters:    Size  Location     Type
		None
 Auto vars:     Size  Location     Type
  i               2   30[BANK0 ] int 
  i               2   34[BANK0 ] int 
  i               2   28[BANK0 ] int 
  i               2   32[BANK0 ] int 
  resultado      16    6[BANK0 ] int [8]
  numero          2   26[BANK0 ] int 
  velocidadDec    2   24[BANK0 ] int 
  velocidadUni    2   22[BANK0 ] int 
 Return value:  Size  Location     Type
                  1    wreg      void 
 Registers used:
		wreg, fsr0l, fsr0h, status,2, status,0, btemp+1, pclath, cstack
 Tracked objects:
		On entry : 
		On exit  : 
		Unchanged: 
 Data sizes:     COMMON   BANK0   BANK1   BANK2
      Params:         0       0       0       0
      Locals:         0      30       0       0
      Temps:          0       6       0       0
      Totals:         0      36       0       0
Total ram usage:       36 bytes
 Hardware stack levels used:    1
 Hardware stack levels required when called:    1
 This function calls:
		___lldiv
		___wmul
 This function is called by:
		_enconder
 This function uses a non-reentrant model


 *************** function ___wmul *****************
 Defined at:
		line 15 in file "C:\Program Files (x86)\Microchip\xc8\v1.42\sources\common\Umul16.c"
 Parameters:    Size  Location     Type
  multiplier      2    0[COMMON] unsigned int 
  multiplicand    2    2[COMMON] unsigned int 
 Auto vars:     Size  Location     Type
  product         2    4[COMMON] unsigned int 
 Return value:  Size  Location     Type
                  2    0[COMMON] unsigned int 
 Registers used:
		wreg, status,2, status,0
 Tracked objects:
		On entry : 
		On exit  : 
		Unchanged: 
 Data sizes:     COMMON   BANK0   BANK1   BANK2
      Params:         4       0       0       0
      Locals:         2       0       0       0
      Temps:          0       0       0       0
      Totals:         6       0       0       0
Total ram usage:        6 bytes
 Hardware stack levels used:    1
 This function calls:
		Nothing
 This function is called by:
		_escribirSalida
		_powKase
 This function uses a non-reentrant model


 *************** function ___lldiv *****************
 Defined at:
		line 6 in file "C:\Program Files (x86)\Microchip\xc8\v1.42\sources\common\lldiv.c"
 Parameters:    Size  Location     Type
  divisor         4    0[COMMON] unsigned long 
  dividend        4    4[COMMON] unsigned long 
 Auto vars:     Size  Location     Type
  quotient        4    9[COMMON] unsigned long 
  counter         1   13[COMMON] unsigned char 
 Return value:  Size  Location     Type
                  4    0[COMMON] unsigned long 
 Registers used:
		wreg, status,2, status,0
 Tracked objects:
		On entry : 
		On exit  : 
		Unchanged: 
 Data sizes:     COMMON   BANK0   BANK1   BANK2
      Params:         8       0       0       0
      Locals:         5       0       0       0
      Temps:          1       0       0       0
      Totals:        14       0       0       0
Total ram usage:       14 bytes
 Hardware stack levels used:    1
 This function calls:
		Nothing
 This function is called by:
		_escribirSalida
 This function uses a non-reentrant model


 *************** function ___lmul *****************
 Defined at:
		line 15 in file "C:\Program Files (x86)\Microchip\xc8\v1.42\sources\common\Umul32.c"
 Parameters:    Size  Location     Type
  multiplier      4    0[COMMON] unsigned long 
  multiplicand    4    4[COMMON] unsigned long 
 Auto vars:     Size  Location     Type
  product         4    9[COMMON] unsigned long 
 Return value:  Size  Location     Type
                  4    0[COMMON] unsigned long 
 Registers used:
		wreg, status,2, status,0
 Tracked objects:
		On entry : 
		On exit  : 
		Unchanged: 
 Data sizes:     COMMON   BANK0   BANK1   BANK2
      Params:         8       0       0       0
      Locals:         4       0       0       0
      Temps:          1       0       0       0
      Totals:        13       0       0       0
Total ram usage:       13 bytes
 Hardware stack levels used:    1
 This function calls:
		Nothing
 This function is called by:
		_enconder
 This function uses a non-reentrant model



MODULE INFORMATION

Module		Function		Class		Link	Load	Size
C:\Program Files (x86)\Microchip\xc8\v1.42\sources\common\Umul32.c
		___lmul        		CODE           	02FD	0000	64

C:\Program Files (x86)\Microchip\xc8\v1.42\sources\common\Umul32.c estimated size: 64

C:\Program Files (x86)\Microchip\xc8\v1.42\sources\common\lldiv.c
		___lldiv       		CODE           	0247	0000	95

C:\Program Files (x86)\Microchip\xc8\v1.42\sources\common\lldiv.c estimated size: 95

shared
		__initialization		CODE           	0011	0000	50

shared estimated size: 50

C:\Program Files (x86)\Microchip\xc8\v1.42\sources\common\Umul16.c
		___wmul        		CODE           	0361	0000	34

C:\Program Files (x86)\Microchip\xc8\v1.42\sources\common\Umul16.c estimated size: 34

main.c
		_resetearSalidas		CODE           	033C	0000	38
		_enconder      		CODE           	01B3	0000	149
		_main          		CODE           	02A5	0000	89
		_escribirSalida		CODE           	0044	0000	368

main.c estimated size: 644

