Microchip MPLAB XC8 Compiler V1.42 ()

Linker command line:

-W-3 --edf=C:\Program Files (x86)\Microchip\xc8\v1.42\dat\en_msgs.txt -cs \
  -h+dist/default/production\TPN_10.X.production.sym \
  --cmf=dist/default/production\TPN_10.X.production.cmf -z -Q16F628A \
  -oC:\Users\Ignacio\AppData\Local\Temp\s3do.2 \
  -Mdist/default/production/TPN_10.X.production.map -E1 -ver=XC8 \
  -ASTACK=0B4h-0efh -pstack=STACK -ACODE=00h-07FFh -ASTRCODE=00h-07FFh \
  -ASTRING=00h-0FFhx8 -ACONST=00h-0FFhx8 -AENTRY=00h-0FFhx8 \
  -ACOMMON=070h-07Fh -ABANK0=020h-06Fh -ABANK1=0A0h-0EFh \
  -ABANK2=0120h-014Fh -ARAM=020h-06Fh,0A0h-0EFh,0120h-014Fh \
  -AABS1=020h-07Fh,0A0h-0EFh,0120h-014Fh -ASFR0=00h-01Fh -ASFR1=080h-09Fh \
  -ASFR2=0100h-011Fh -ASFR3=0180h-01EFh \
  -preset_vec=00h,intentry,init,end_init -ppowerup=CODE -pcinit=CODE \
  -pfunctab=CODE -ACONFIG=02007h-02007h -pconfig=CONFIG -DCONFIG=2 \
  -AIDLOC=02000h-02003h -pidloc=IDLOC -DIDLOC=2 -AEEDATA=00h-07Fh/02100h \
  -peeprom_data=EEDATA -DEEDATA=2 -DCODE=2 -DSTRCODE=2 -DSTRING=2 -DCONST=2 \
  -DENTRY=2 -k C:\Users\Ignacio\AppData\Local\Temp\s3do.obj \
  dist/default/production\TPN_10.X.production.obj 

Object code version is 3.11

Machine type is 16F628A



                Name                               Link     Load   Length Selector   Space Scale
C:\Users\Ignacio\AppData\Local\Temp\s3do.obj
                end_init                              0        0        1        0       0
                config                             2007     2007        1     400E       0
dist/default/production\TPN_10.X.production.obj
                cinit                               7D0      7D0       30      FA0       0
                text6                               5CA      5CA       5B      B94       0
                text5                               519      519       21      A32       0
                text4                               55B      55B       36      AB6       0
                text3                               6C5      6C5      10B      D8A       0
                text2                               625      625       A0      C4A       0
                text1                               53A      53A       21      A74       0
                maintext                            591      591       39      B22       0
                cstackBANK0                          20       20       44       20       1
                cstackCOMMON                         70       70        E       70       1
                dataBANK1                            A0       A0       14       A0       1
                bssBANK0                             64       64        2       20       1
                idataBANK1                          505      505       14      A0A       0

TOTAL           Name                               Link     Load   Length     Space
        CLASS   STACK          

        CLASS   CODE           
                end_init                              0        0        1         0
                cinit                               7D0      7D0       30         0
                text6                               5CA      5CA       5B         0
                text5                               519      519       21         0
                text4                               55B      55B       36         0
                text3                               6C5      6C5      10B         0
                text2                               625      625       A0         0
                text1                               53A      53A       21         0
                maintext                            591      591       39         0
                idataBANK1                          505      505       14         0

        CLASS   STRCODE        

        CLASS   STRING         

        CLASS   CONST          

        CLASS   ENTRY          

        CLASS   COMMON         
                cstackCOMMON                         70       70        E         1

        CLASS   BANK0          
                cstackBANK0                          20       20       44         1
                bssBANK0                             64       64        2         1

        CLASS   BANK1          
                dataBANK1                            A0       A0       14         1

        CLASS   BANK2          

        CLASS   RAM            

        CLASS   ABS1           
                abs_s1                               7E       7E        2         1

        CLASS   SFR0           

        CLASS   SFR1           

        CLASS   SFR2           

        CLASS   SFR3           

        CLASS   CONFIG         
                config                             2007     2007        1         0

        CLASS   IDLOC          

        CLASS   EEDATA         

        CLASS   BANK3          



SEGMENTS        Name                           Load    Length   Top    Selector   Space  Class     Delta

                reset_vec                      000000  000001  000001         0       0  CODE        2
                cstackBANK0                    000020  000046  000066        20       1  BANK0       1
                cstackCOMMON                   000070  00000E  00007E        70       1  COMMON      1
                dataBANK1                      0000A0  000014  0000B4        A0       1  BANK1       1
                idataBANK1                     000505  000014  000519       A0A       0  CODE        2
                text5                          000519  000021  00053A       A32       0  CODE        2
                text1                          00053A  000021  00055B       A74       0  CODE        2
                text4                          00055B  000036  000591       AB6       0  CODE        2
                maintext                       000591  000039  0005CA       B22       0  CODE        2
                text6                          0005CA  00005B  000625       B94       0  CODE        2
                text2                          000625  0000A0  0006C5       C4A       0  CODE        2
                text3                          0006C5  00010B  0007D0       D8A       0  CODE        2
                cinit                          0007D0  000030  000800       FA0       0  CODE        2
                config                         002007  000001  002008      400E       0  CONFIG      2


UNUSED ADDRESS RANGES

        Name                Unused          Largest block    Delta
        BANK0            0066-006F              A           1
        BANK1            00B4-00EF             3C           1
        BANK2            0120-014F             30           1
        CODE             0001-0504            504           2
        CONST            0001-0504            100           2
        EEDATA           2100-217F             80           2
        ENTRY            0001-0504            100           2
        IDLOC            2000-2003              4           2
        RAM              0066-006F              A           1
                         00B4-00EF             3C
                         0120-014F             30
        SFR0             0000-001F             20           1
        SFR1             0080-009F             20           1
        SFR2             0100-011F             20           1
        SFR3             0180-01EF             70           1
        STACK            00B4-00EF             3C           1
        STRCODE          0001-0504            504           2
        STRING           0001-0504            100           2

                                  Symbol Table

?___awdiv                       cstackBANK0  0024
?___wmul                        cstackCOMMON 0070
?_intToArray                    cstackBANK0  002C
?_powKase                       cstackCOMMON 0076
_CMCON                          (abs)        001F
_RB0                            (abs)        0030
_RB1                            (abs)        0031
_RB2                            (abs)        0032
_RB3                            (abs)        0033
_TRISA                          (abs)        0085
_TRISB                          (abs)        0086
__CFG_BOREN$ON                  (abs)        0000
__CFG_CP$OFF                    (abs)        0000
__CFG_CPD$OFF                   (abs)        0000
__CFG_FOSC$INTOSCIO             (abs)        0000
__CFG_LVP$OFF                   (abs)        0000
__CFG_MCLRE$OFF                 (abs)        0000
__CFG_PWRTE$OFF                 (abs)        0000
__CFG_WDTE$OFF                  (abs)        0000
__Habs1                         abs1         0000
__Hbank0                        bank0        0000
__Hbank1                        bank1        0000
__Hbank2                        bank2        0000
__Hbank3                        bank3        0000
__HbssBANK0                     bssBANK0     0000
__Hcinit                        cinit        0800
__Hclrtext                      clrtext      0000
__Hcode                         code         0000
__Hcommon                       common       0000
__Hconfig                       config       2008
__HcstackBANK0                  cstackBANK0  0000
__HcstackCOMMON                 cstackCOMMON 0000
__HdataBANK1                    dataBANK1    0000
__Heeprom_data                  eeprom_data  0000
__Hend_init                     end_init     0001
__Hfunctab                      functab      0000
__HidataBANK1                   idataBANK1   0000
__Hidloc                        idloc        0000
__Hinit                         init         0000
__Hintentry                     intentry     0000
__Hmaintext                     maintext     0000
__Hpowerup                      powerup      0000
__Hram                          ram          0000
__Hreset_vec                    reset_vec    0000
__Hsfr0                         sfr0         0000
__Hsfr1                         sfr1         0000
__Hsfr2                         sfr2         0000
__Hsfr3                         sfr3         0000
__Hspace_0                      (abs)        2008
__Hspace_1                      (abs)        00B4
__Hspace_2                      (abs)        0000
__Hspace_3                      (abs)        0000
__Hstack                        stack        0000
__Hstrings                      strings      0000
__Htext                         text         0000
__Labs1                         abs1         0000
__Lbank0                        bank0        0000
__Lbank1                        bank1        0000
__Lbank2                        bank2        0000
__Lbank3                        bank3        0000
__LbssBANK0                     bssBANK0     0000
__Lcinit                        cinit        07D0
__Lclrtext                      clrtext      0000
__Lcode                         code         0000
__Lcommon                       common       0000
__Lconfig                       config       2007
__LcstackBANK0                  cstackBANK0  0000
__LcstackCOMMON                 cstackCOMMON 0000
__LdataBANK1                    dataBANK1    0000
__Leeprom_data                  eeprom_data  0000
__Lend_init                     end_init     0000
__Lfunctab                      functab      0000
__LidataBANK1                   idataBANK1   0000
__Lidloc                        idloc        0000
__Linit                         init         0000
__Lintentry                     intentry     0000
__Lmaintext                     maintext     0000
__Lpowerup                      powerup      0000
__Lram                          ram          0000
__Lreset_vec                    reset_vec    0000
__Lsfr0                         sfr0         0000
__Lsfr1                         sfr1         0000
__Lsfr2                         sfr2         0000
__Lsfr3                         sfr3         0000
__Lspace_0                      (abs)        0000
__Lspace_1                      (abs)        0000
__Lspace_2                      (abs)        0000
__Lspace_3                      (abs)        0000
__Lstack                        stack        0000
__Lstrings                      strings      0000
__Ltext                         text         0000
__S0                            (abs)        2008
__S1                            (abs)        00B4
__S2                            (abs)        0000
__S3                            (abs)        0000
___awdiv                        text6        05CA
___awdiv@counter                cstackBANK0  0028
___awdiv@dividend               cstackBANK0  0026
___awdiv@divisor                cstackBANK0  0024
___awdiv@quotient               cstackBANK0  002A
___awdiv@sign                   cstackBANK0  0029
___int_sp                       stack        0000
___latbits                      (abs)        0000
___sp                           stack        0000
___wmul                         text5        0519
___wmul@multiplicand            cstackCOMMON 0072
___wmul@multiplier              cstackCOMMON 0070
___wmul@product                 cstackCOMMON 0074
__end_of___awdiv                text6        0625
__end_of___wmul                 text5        053A
__end_of__initialization        cinit        07FE
__end_of_escribirSalida         text3        07D0
__end_of_intToArray             text2        06C5
__end_of_main                   maintext     05CA
__end_of_powKase                text4        0591
__end_of_resetearSalidas        text1        055B
__initialization                cinit        07D0
__pbssBANK0                     bssBANK0     0064
__pcstackBANK0                  cstackBANK0  0020
__pcstackCOMMON                 cstackCOMMON 0070
__pdataBANK1                    dataBANK1    00A0
__pidataBANK1                   idataBANK1   0505
__pmaintext                     maintext     0591
__ptext1                        text1        053A
__ptext2                        text2        0625
__ptext3                        text3        06C5
__ptext4                        text4        055B
__ptext5                        text5        0519
__ptext6                        text6        05CA
__size_of___awdiv               (abs)        0000
__size_of___wmul                (abs)        0000
__size_of_escribirSalida        (abs)        0000
__size_of_intToArray            (abs)        0000
__size_of_main                  (abs)        0000
__size_of_powKase               (abs)        0000
__size_of_resetearSalidas       (abs)        0000
_codificacion                   dataBANK1    00A0
_contador                       bssBANK0     0064
_escribirSalida                 text3        06C5
_escribirSalida$453             cstackBANK0  0048
_intToArray                     text2        0625
_intToArray$452                 cstackBANK0  0031
_main                           maintext     0591
_powKase                        text4        055B
_resetearSalidas                text1        053A
btemp                           (abs)        007E
end_of_initialization           cinit        07FE
escribirSalida@arreglo          cstackBANK0  0041
escribirSalida@i                cstackBANK0  005C
escribirSalida@i_52             cstackBANK0  0060
escribirSalida@j                cstackBANK0  005E
escribirSalida@numero           cstackBANK0  005A
escribirSalida@resultado        cstackBANK0  004A
intToArray@i                    cstackBANK0  003F
intToArray@numero               cstackBANK0  002C
intToArray@resultado            cstackBANK0  0033
intlevel0                       functab      0000
intlevel1                       functab      0000
intlevel2                       functab      0000
intlevel3                       functab      0000
intlevel4                       functab      0000
intlevel5                       functab      0000
main@palabaraBinaria            cstackBANK0  0062
powKase@base                    cstackCOMMON 0076
powKase@exponente               cstackCOMMON 0078
powKase@i                       cstackBANK0  0022
powKase@resultado               cstackBANK0  0020
reset_vec                       reset_vec    0000
resetearSalidas@cantidadSalidas cstackCOMMON 0070
resetearSalidas@i               cstackCOMMON 0073
stackhi                         (abs)        0000
stacklo                         (abs)        0000
start                           init         0000
start_initialization            cinit        07D0
wtemp0                          (abs)        007E


FUNCTION INFORMATION:

 *************** function _main *****************
 Defined at:
		line 104 in file "main.c"
 Parameters:    Size  Location     Type
		None
 Auto vars:     Size  Location     Type
  palabaraBina    2   66[BANK0 ] int 
 Return value:  Size  Location     Type
                  1    wreg      void 
 Registers used:
		wreg, fsr0l, fsr0h, status,2, status,0, btemp+1, pclath, cstack
 Tracked objects:
		On entry : 
		On exit  : 
		Unchanged: 
 Data sizes:     COMMON   BANK0   BANK1   BANK2
      Params:         0       0       0       0
      Locals:         0       2       0       0
      Temps:          2       0       0       0
      Totals:         2       2       0       0
Total ram usage:        4 bytes
 Hardware stack levels required when called:    3
 This function calls:
		_escribirSalida
		_intToArray
		_resetearSalidas
 This function is called by:
		Startup code after reset
 This function uses a non-reentrant model


 *************** function _resetearSalidas *****************
 Defined at:
		line 37 in file "main.c"
 Parameters:    Size  Location     Type
  cantidadSali    2    0[COMMON] int 
 Auto vars:     Size  Location     Type
  i               2    3[COMMON] int 
 Return value:  Size  Location     Type
                  1    wreg      void 
 Registers used:
		wreg, status,2, status,0
 Tracked objects:
		On entry : 
		On exit  : 
		Unchanged: 
 Data sizes:     COMMON   BANK0   BANK1   BANK2
      Params:         2       0       0       0
      Locals:         2       0       0       0
      Temps:          1       0       0       0
      Totals:         5       0       0       0
Total ram usage:        5 bytes
 Hardware stack levels used:    1
 This function calls:
		Nothing
 This function is called by:
		_main
 This function uses a non-reentrant model


 *************** function _intToArray *****************
 Defined at:
		line 49 in file "main.c"
 Parameters:    Size  Location     Type
  numero          2   12[BANK0 ] int 
 Auto vars:     Size  Location     Type
  i               2   31[BANK0 ] int 
  resultado      12   19[BANK0 ] int [6]
 Return value:  Size  Location     Type
                  2   12[BANK0 ] int 
 Registers used:
		wreg, fsr0l, fsr0h, status,2, status,0, btemp+1, pclath, cstack
 Tracked objects:
		On entry : 
		On exit  : 
		Unchanged: 
 Data sizes:     COMMON   BANK0   BANK1   BANK2
      Params:         0       2       0       0
      Locals:         0      16       0       0
      Temps:          0       3       0       0
      Totals:         0      21       0       0
Total ram usage:       21 bytes
 Hardware stack levels used:    1
 Hardware stack levels required when called:    2
 This function calls:
		___awdiv
		___wmul
		_powKase
 This function is called by:
		_main
 This function uses a non-reentrant model


 *************** function _escribirSalida *****************
 Defined at:
		line 70 in file "main.c"
 Parameters:    Size  Location     Type
  arreglo         2   33[BANK0 ] PTR int 
		 -> RAM(512), 
 Auto vars:     Size  Location     Type
  i               2   64[BANK0 ] int 
  j               2   62[BANK0 ] int 
  i               2   60[BANK0 ] int 
  resultado      16   42[BANK0 ] int [8]
  numero          2   58[BANK0 ] int 
 Return value:  Size  Location     Type
                  1    wreg      void 
 Registers used:
		wreg, fsr0l, fsr0h, status,2, status,0, btemp+1, pclath, cstack
 Tracked objects:
		On entry : 
		On exit  : 
		Unchanged: 
 Data sizes:     COMMON   BANK0   BANK1   BANK2
      Params:         0       2       0       0
      Locals:         0      26       0       0
      Temps:          0       5       0       0
      Totals:         0      33       0       0
Total ram usage:       33 bytes
 Hardware stack levels used:    1
 Hardware stack levels required when called:    2
 This function calls:
		___awdiv
		___wmul
		_powKase
 This function is called by:
		_main
 This function uses a non-reentrant model


 *************** function _powKase *****************
 Defined at:
		line 27 in file "main.c"
 Parameters:    Size  Location     Type
  base            2    6[COMMON] int 
  exponente       2    8[COMMON] int 
 Auto vars:     Size  Location     Type
  i               2    2[BANK0 ] int 
  resultado       2    0[BANK0 ] int 
 Return value:  Size  Location     Type
                  2    6[COMMON] int 
 Registers used:
		wreg, status,2, status,0, pclath, cstack
 Tracked objects:
		On entry : 
		On exit  : 
		Unchanged: 
 Data sizes:     COMMON   BANK0   BANK1   BANK2
      Params:         4       0       0       0
      Locals:         0       4       0       0
      Temps:          1       0       0       0
      Totals:         5       4       0       0
Total ram usage:        9 bytes
 Hardware stack levels used:    1
 Hardware stack levels required when called:    1
 This function calls:
		___wmul
 This function is called by:
		_intToArray
		_escribirSalida
 This function uses a non-reentrant model


 *************** function ___wmul *****************
 Defined at:
		line 15 in file "C:\Program Files (x86)\Microchip\xc8\v1.42\sources\common\Umul16.c"
 Parameters:    Size  Location     Type
  multiplier      2    0[COMMON] unsigned int 
  multiplicand    2    2[COMMON] unsigned int 
 Auto vars:     Size  Location     Type
  product         2    4[COMMON] unsigned int 
 Return value:  Size  Location     Type
                  2    0[COMMON] unsigned int 
 Registers used:
		wreg, status,2, status,0
 Tracked objects:
		On entry : 
		On exit  : 
		Unchanged: 
 Data sizes:     COMMON   BANK0   BANK1   BANK2
      Params:         4       0       0       0
      Locals:         2       0       0       0
      Temps:          0       0       0       0
      Totals:         6       0       0       0
Total ram usage:        6 bytes
 Hardware stack levels used:    1
 This function calls:
		Nothing
 This function is called by:
		_powKase
		_intToArray
		_escribirSalida
 This function uses a non-reentrant model


 *************** function ___awdiv *****************
 Defined at:
		line 6 in file "C:\Program Files (x86)\Microchip\xc8\v1.42\sources\common\awdiv.c"
 Parameters:    Size  Location     Type
  divisor         2    4[BANK0 ] int 
  dividend        2    6[BANK0 ] int 
 Auto vars:     Size  Location     Type
  quotient        2   10[BANK0 ] int 
  sign            1    9[BANK0 ] unsigned char 
  counter         1    8[BANK0 ] unsigned char 
 Return value:  Size  Location     Type
                  2    4[BANK0 ] int 
 Registers used:
		wreg, status,2, status,0
 Tracked objects:
		On entry : 
		On exit  : 
		Unchanged: 
 Data sizes:     COMMON   BANK0   BANK1   BANK2
      Params:         0       4       0       0
      Locals:         0       4       0       0
      Temps:          1       0       0       0
      Totals:         1       8       0       0
Total ram usage:        9 bytes
 Hardware stack levels used:    1
 This function calls:
		Nothing
 This function is called by:
		_intToArray
		_escribirSalida
 This function uses a non-reentrant model



MODULE INFORMATION

Module		Function		Class		Link	Load	Size
C:\Program Files (x86)\Microchip\xc8\v1.42\sources\common\awdiv.c
		___awdiv       		CODE           	05CA	0000	92

C:\Program Files (x86)\Microchip\xc8\v1.42\sources\common\awdiv.c estimated size: 92

shared
		__initialization		CODE           	07D0	0000	47

shared estimated size: 47

C:\Program Files (x86)\Microchip\xc8\v1.42\sources\common\Umul16.c
		___wmul        		CODE           	0519	0000	34

C:\Program Files (x86)\Microchip\xc8\v1.42\sources\common\Umul16.c estimated size: 34

main.c
		_resetearSalidas		CODE           	053A	0000	34
		_main          		CODE           	0591	0000	58
		_intToArray    		CODE           	0625	0000	161
		_powKase       		CODE           	055B	0000	55
		_escribirSalida		CODE           	06C5	0000	268

main.c estimated size: 576

