Microchip MPLAB XC8 Compiler V1.42 ()

Linker command line:

-W-3 --edf=C:\Program Files (x86)\Microchip\xc8\v1.42\dat\en_msgs.txt -cs \
  -h+dist/default/production\TPN_9.X.production.sym \
  --cmf=dist/default/production\TPN_9.X.production.cmf -z -Q16F628A \
  -oC:\Users\Ignacio\AppData\Local\Temp\sqk.2 \
  -Mdist/default/production/TPN_9.X.production.map -E1 -ver=XC8 \
  -ASTACK=0A0h-0efh -pstack=STACK -ACODE=00h-07FFh -ASTRCODE=00h-07FFh \
  -ASTRING=00h-0FFhx8 -ACONST=00h-0FFhx8 -AENTRY=00h-0FFhx8 \
  -ACOMMON=070h-07Fh -ABANK0=020h-06Fh -ABANK1=0A0h-0EFh \
  -ABANK2=0120h-014Fh -ARAM=020h-06Fh,0A0h-0EFh,0120h-014Fh \
  -AABS1=020h-07Fh,0A0h-0EFh,0120h-014Fh -ASFR0=00h-01Fh -ASFR1=080h-09Fh \
  -ASFR2=0100h-011Fh -ASFR3=0180h-01EFh \
  -preset_vec=00h,intentry,init,end_init -ppowerup=CODE -pcinit=CODE \
  -pfunctab=CODE -ACONFIG=02007h-02007h -pconfig=CONFIG -DCONFIG=2 \
  -AIDLOC=02000h-02003h -pidloc=IDLOC -DIDLOC=2 -AEEDATA=00h-07Fh/02100h \
  -peeprom_data=EEDATA -DEEDATA=2 -DCODE=2 -DSTRCODE=2 -DSTRING=2 -DCONST=2 \
  -DENTRY=2 -k C:\Users\Ignacio\AppData\Local\Temp\sqk.obj \
  dist/default/production\TPN_9.X.production.obj 

Object code version is 3.11

Machine type is 16F628A



                Name                               Link     Load   Length Selector   Space Scale
C:\Users\Ignacio\AppData\Local\Temp\sqk.obj
                end_init                              0        0        1        0       0
                config                             2007     2007        1     400E       0
dist/default/production\TPN_9.X.production.obj
                cinit                               7F6      7F6        A      FEC       0
                text2                               77D      77D       21      EFA       0
                text1                               7C8      7C8       2E      F90       0
                maintext                            79E      79E       2A      F3C       0
                cstackBANK0                          24       24        2       20       1
                cstackCOMMON                         70       70        D       70       1
                dataBANK0                            20       20        4       20       1
                idataBANK0                          779      779        4      EF2       0

TOTAL           Name                               Link     Load   Length     Space
        CLASS   STACK          

        CLASS   CODE           
                end_init                              0        0        1         0
                cinit                               7F6      7F6        A         0
                text2                               77D      77D       21         0
                text1                               7C8      7C8       2E         0
                maintext                            79E      79E       2A         0
                idataBANK0                          779      779        4         0

        CLASS   STRCODE        

        CLASS   STRING         

        CLASS   CONST          

        CLASS   ENTRY          

        CLASS   COMMON         
                cstackCOMMON                         70       70        D         1

        CLASS   BANK0          
                cstackBANK0                          24       24        2         1
                dataBANK0                            20       20        4         1

        CLASS   BANK1          

        CLASS   BANK2          

        CLASS   RAM            

        CLASS   ABS1           
                abs_s1                               7E       7E        2         1

        CLASS   SFR0           

        CLASS   SFR1           

        CLASS   SFR2           

        CLASS   SFR3           

        CLASS   CONFIG         
                config                             2007     2007        1         0

        CLASS   IDLOC          

        CLASS   EEDATA         

        CLASS   BANK3          



SEGMENTS        Name                           Load    Length   Top    Selector   Space  Class     Delta

                reset_vec                      000000  000001  000001         0       0  CODE        2
                dataBANK0                      000020  000006  000026        20       1  BANK0       1
                cstackCOMMON                   000070  00000D  00007D        70       1  COMMON      1
                idataBANK0                     000779  000004  00077D       EF2       0  CODE        2
                text2                          00077D  000021  00079E       EFA       0  CODE        2
                maintext                       00079E  00002A  0007C8       F3C       0  CODE        2
                text1                          0007C8  00002E  0007F6       F90       0  CODE        2
                cinit                          0007F6  00000A  000800       FEC       0  CODE        2
                config                         002007  000001  002008      400E       0  CONFIG      2


UNUSED ADDRESS RANGES

        Name                Unused          Largest block    Delta
        BANK0            0026-006F             4A           1
        BANK1            00A0-00EF             50           1
        BANK2            0120-014F             30           1
        CODE             0001-0778            778           2
        COMMON           007D-007D              1           1
        CONST            0001-0778            100           2
        EEDATA           2100-217F             80           2
        ENTRY            0001-0778            100           2
        IDLOC            2000-2003              4           2
        RAM              0026-006F             4A           1
                         00A0-00EF             50
                         0120-014F             30
        SFR0             0000-001F             20           1
        SFR1             0080-009F             20           1
        SFR2             0100-011F             20           1
        SFR3             0180-01EF             70           1
        STACK            00A0-00EF             50           1
        STRCODE          0001-0778            778           2
        STRING           0001-0778            100           2

                                  Symbol Table

_CMCON                               (abs)        001F
_RB0                                 (abs)        0030
_RB1                                 (abs)        0031
_RB2                                 (abs)        0032
_RB3                                 (abs)        0033
_TRISA                               (abs)        0085
_TRISB                               (abs)        0086
__CFG_BOREN$ON                       (abs)        0000
__CFG_CP$OFF                         (abs)        0000
__CFG_CPD$OFF                        (abs)        0000
__CFG_FOSC$INTOSCIO                  (abs)        0000
__CFG_LVP$OFF                        (abs)        0000
__CFG_MCLRE$OFF                      (abs)        0000
__CFG_PWRTE$OFF                      (abs)        0000
__CFG_WDTE$OFF                       (abs)        0000
__Habs1                              abs1         0000
__Hbank0                             bank0        0000
__Hbank1                             bank1        0000
__Hbank2                             bank2        0000
__Hbank3                             bank3        0000
__Hcinit                             cinit        0800
__Hclrtext                           clrtext      0000
__Hcode                              code         0000
__Hcommon                            common       0000
__Hconfig                            config       2008
__HcstackBANK0                       cstackBANK0  0000
__HcstackCOMMON                      cstackCOMMON 0000
__HdataBANK0                         dataBANK0    0000
__Heeprom_data                       eeprom_data  0000
__Hend_init                          end_init     0001
__Hfunctab                           functab      0000
__HidataBANK0                        idataBANK0   0000
__Hidloc                             idloc        0000
__Hinit                              init         0000
__Hintentry                          intentry     0000
__Hmaintext                          maintext     0000
__Hpowerup                           powerup      0000
__Hram                               ram          0000
__Hreset_vec                         reset_vec    0000
__Hsfr0                              sfr0         0000
__Hsfr1                              sfr1         0000
__Hsfr2                              sfr2         0000
__Hsfr3                              sfr3         0000
__Hspace_0                           (abs)        2008
__Hspace_1                           (abs)        007D
__Hspace_2                           (abs)        0000
__Hspace_3                           (abs)        0000
__Hstack                             stack        0000
__Hstrings                           strings      0000
__Htext                              text         0000
__Labs1                              abs1         0000
__Lbank0                             bank0        0000
__Lbank1                             bank1        0000
__Lbank2                             bank2        0000
__Lbank3                             bank3        0000
__Lcinit                             cinit        07F6
__Lclrtext                           clrtext      0000
__Lcode                              code         0000
__Lcommon                            common       0000
__Lconfig                            config       2007
__LcstackBANK0                       cstackBANK0  0000
__LcstackCOMMON                      cstackCOMMON 0000
__LdataBANK0                         dataBANK0    0000
__Leeprom_data                       eeprom_data  0000
__Lend_init                          end_init     0000
__Lfunctab                           functab      0000
__LidataBANK0                        idataBANK0   0000
__Lidloc                             idloc        0000
__Linit                              init         0000
__Lintentry                          intentry     0000
__Lmaintext                          maintext     0000
__Lpowerup                           powerup      0000
__Lram                               ram          0000
__Lreset_vec                         reset_vec    0000
__Lsfr0                              sfr0         0000
__Lsfr1                              sfr1         0000
__Lsfr2                              sfr2         0000
__Lsfr3                              sfr3         0000
__Lspace_0                           (abs)        0000
__Lspace_1                           (abs)        0000
__Lspace_2                           (abs)        0000
__Lspace_3                           (abs)        0000
__Lstack                             stack        0000
__Lstrings                           strings      0000
__Ltext                              text         0000
__S0                                 (abs)        2008
__S1                                 (abs)        007D
__S2                                 (abs)        0000
__S3                                 (abs)        0000
___int_sp                            stack        0000
___latbits                           (abs)        0000
___sp                                stack        0000
__end_of__initialization             cinit        07FE
__end_of_main                        maintext     07C8
__end_of_palabraBinariaAlAzar        text1        07F6
__end_of_resetearSalidas             text2        079E
__initialization                     cinit        07F6
__pcstackBANK0                       cstackBANK0  0024
__pcstackCOMMON                      cstackCOMMON 0070
__pdataBANK0                         dataBANK0    0020
__pidataBANK0                        idataBANK0   0779
__pmaintext                          maintext     079E
__ptext1                             text1        07C8
__ptext2                             text2        077D
__size_of_main                       (abs)        0000
__size_of_palabraBinariaAlAzar       (abs)        0000
__size_of_resetearSalidas            (abs)        0000
_main                                maintext     079E
_palabraBinariaAlAzar                text1        07C8
_resetearSalidas                     text2        077D
btemp                                (abs)        007E
end_of_initialization                cinit        07FE
intlevel0                            functab      0000
intlevel1                            functab      0000
intlevel2                            functab      0000
intlevel3                            functab      0000
intlevel4                            functab      0000
intlevel5                            functab      0000
main@palabaraBinaria                 cstackBANK0  0024
palabraBinariaAlAzar@cantidadSalidas cstackCOMMON 0075
palabraBinariaAlAzar@i               cstackCOMMON 0079
reset_vec                            reset_vec    0000
resetearSalidas@cantidadSalidas      cstackCOMMON 0070
resetearSalidas@i                    cstackCOMMON 0073
stackhi                              (abs)        0000
stacklo                              (abs)        0000
start                                init         0000
start_initialization                 cinit        07F6
wtemp0                               (abs)        007E


FUNCTION INFORMATION:

 *************** function _main *****************
 Defined at:
		line 50 in file "main.c"
 Parameters:    Size  Location     Type
		None
 Auto vars:     Size  Location     Type
  palabaraBina    2    0[BANK0 ] int 
 Return value:  Size  Location     Type
                  1    wreg      void 
 Registers used:
		wreg, status,2, status,0, pclath, cstack
 Tracked objects:
		On entry : 
		On exit  : 
		Unchanged: 
 Data sizes:     COMMON   BANK0   BANK1   BANK2
      Params:         0       0       0       0
      Locals:         0       2       0       0
      Temps:          2       0       0       0
      Totals:         2       2       0       0
Total ram usage:        4 bytes
 Hardware stack levels required when called:    2
 This function calls:
		_palabraBinariaAlAzar
		_resetearSalidas
 This function is called by:
		Startup code after reset
 This function uses a non-reentrant model


 *************** function _palabraBinariaAlAzar *****************
 Defined at:
		line 34 in file "main.c"
 Parameters:    Size  Location     Type
  cantidadSali    2    5[COMMON] int 
 Auto vars:     Size  Location     Type
  i               2    9[COMMON] int 
 Return value:  Size  Location     Type
                  1    wreg      void 
 Registers used:
		wreg, status,2, status,0, pclath, cstack
 Tracked objects:
		On entry : 
		On exit  : 
		Unchanged: 
 Data sizes:     COMMON   BANK0   BANK1   BANK2
      Params:         2       0       0       0
      Locals:         2       0       0       0
      Temps:          2       0       0       0
      Totals:         6       0       0       0
Total ram usage:        6 bytes
 Hardware stack levels used:    1
 Hardware stack levels required when called:    1
 This function calls:
		_resetearSalidas
 This function is called by:
		_main
 This function uses a non-reentrant model


 *************** function _resetearSalidas *****************
 Defined at:
		line 23 in file "main.c"
 Parameters:    Size  Location     Type
  cantidadSali    2    0[COMMON] int 
 Auto vars:     Size  Location     Type
  i               2    3[COMMON] int 
 Return value:  Size  Location     Type
                  1    wreg      void 
 Registers used:
		wreg, status,2, status,0
 Tracked objects:
		On entry : 
		On exit  : 
		Unchanged: 
 Data sizes:     COMMON   BANK0   BANK1   BANK2
      Params:         2       0       0       0
      Locals:         2       0       0       0
      Temps:          1       0       0       0
      Totals:         5       0       0       0
Total ram usage:        5 bytes
 Hardware stack levels used:    1
 This function calls:
		Nothing
 This function is called by:
		_palabraBinariaAlAzar
		_main
 This function uses a non-reentrant model



MODULE INFORMATION

Module		Function		Class		Link	Load	Size
shared
		__initialization		CODE           	07F6	0000	9

shared estimated size: 9

main.c
		_resetearSalidas		CODE           	077D	0000	34
		_main          		CODE           	079E	0000	43
		_palabraBinariaAlAzar		CODE           	07C8	0000	47

main.c estimated size: 124

